// Jest Snapshot v1, https://goo.gl/fbAQLP

exports[`Integration tests renders homepage 1`] = `
<div>
  <h5>
    Oops something went wrong
  </h5>
</div>
`;
