// Jest Snapshot v1, https://goo.gl/fbAQLP

exports[`signup tests renders 1`] = `
ShallowWrapper {
  "length": 1,
  Symbol(enzyme.__root__): [Circular],
  Symbol(enzyme.__unrendered__): <Signup />,
  Symbol(enzyme.__renderer__): Object {
    "batchedUpdates": [Function],
    "getNode": [Function],
    "render": [Function],
    "simulateEvent": [Function],
    "unmount": [Function],
  },
  Symbol(enzyme.__node__): Object {
    "instance": null,
    "key": undefined,
    "nodeType": "class",
    "props": Object {},
    "ref": null,
    "rendered": null,
    "type": [Function],
  },
  Symbol(enzyme.__nodes__): Array [
    Object {
      "instance": null,
      "key": undefined,
      "nodeType": "class",
      "props": Object {},
      "ref": null,
      "rendered": null,
      "type": [Function],
    },
  ],
  Symbol(enzyme.__options__): Object {
    "adapter": ReactSixteenAdapter {
      "options": Object {
        "enableComponentDidUpdateOnSetState": true,
      },
    },
  },
}
`;

exports[`signup tests renders view 1`] = `
ShallowWrapper {
  "length": 1,
  Symbol(enzyme.__root__): [Circular],
  Symbol(enzyme.__unrendered__): <PageView
    fetch_data={[MockFunction]}
    isLoggingIn={false}
    register_user={[MockFunction]}
  />,
  Symbol(enzyme.__renderer__): Object {
    "batchedUpdates": [Function],
    "getNode": [Function],
    "render": [Function],
    "simulateEvent": [Function],
    "unmount": [Function],
  },
  Symbol(enzyme.__node__): Object {
    "instance": null,
    "key": undefined,
    "nodeType": "host",
    "props": Object {
      "children": <div
        className="container"
      >
        <div
          className="signup-section section center z-depth-1"
        >
          <div
            className="heading"
          >
            <h5>
              Join ReactPress
            </h5>
            <p>
              Sign up to share your story with the world, appreciate stories you love, and more.
            </p>
            <p>
              * Password must contain atleast one uppercase letter or one number. And must be atleast 6 characters long
            </p>
          </div>
          <div
            className="login-form"
          >
            <SignupForm
              auth_message=""
              button_class="btn disabled"
              emailValue=""
              input_class=" invalid"
              loggingIn={false}
              nameValue=""
              onChange={[Function]}
              onSubmit={[Function]}
              passwordValue=""
            />
          </div>
          <div
            className="extra-info"
          >
            <p>
              Have an account?
              <Link
                href="/login"
              >
                <a>
                   Login
                </a>
              </Link>
            </p>
          </div>
        </div>
      </div>,
      "className": "auth auth-signup",
    },
    "ref": null,
    "rendered": Object {
      "instance": null,
      "key": undefined,
      "nodeType": "host",
      "props": Object {
        "children": <div
          className="signup-section section center z-depth-1"
        >
          <div
            className="heading"
          >
            <h5>
              Join ReactPress
            </h5>
            <p>
              Sign up to share your story with the world, appreciate stories you love, and more.
            </p>
            <p>
              * Password must contain atleast one uppercase letter or one number. And must be atleast 6 characters long
            </p>
          </div>
          <div
            className="login-form"
          >
            <SignupForm
              auth_message=""
              button_class="btn disabled"
              emailValue=""
              input_class=" invalid"
              loggingIn={false}
              nameValue=""
              onChange={[Function]}
              onSubmit={[Function]}
              passwordValue=""
            />
          </div>
          <div
            className="extra-info"
          >
            <p>
              Have an account?
              <Link
                href="/login"
              >
                <a>
                   Login
                </a>
              </Link>
            </p>
          </div>
        </div>,
        "className": "container",
      },
      "ref": null,
      "rendered": Object {
        "instance": null,
        "key": undefined,
        "nodeType": "host",
        "props": Object {
          "children": Array [
            <div
              className="heading"
            >
              <h5>
                Join ReactPress
              </h5>
              <p>
                Sign up to share your story with the world, appreciate stories you love, and more.
              </p>
              <p>
                * Password must contain atleast one uppercase letter or one number. And must be atleast 6 characters long
              </p>
            </div>,
            <div
              className="login-form"
            >
              <SignupForm
                auth_message=""
                button_class="btn disabled"
                emailValue=""
                input_class=" invalid"
                loggingIn={false}
                nameValue=""
                onChange={[Function]}
                onSubmit={[Function]}
                passwordValue=""
              />
            </div>,
            <div
              className="extra-info"
            >
              <p>
                Have an account?
                <Link
                  href="/login"
                >
                  <a>
                     Login
                  </a>
                </Link>
              </p>
            </div>,
          ],
          "className": "signup-section section center z-depth-1",
        },
        "ref": null,
        "rendered": Array [
          Object {
            "instance": null,
            "key": undefined,
            "nodeType": "host",
            "props": Object {
              "children": Array [
                <h5>
                  Join ReactPress
                </h5>,
                <p>
                  Sign up to share your story with the world, appreciate stories you love, and more.
                </p>,
                <p>
                  * Password must contain atleast one uppercase letter or one number. And must be atleast 6 characters long
                </p>,
              ],
              "className": "heading",
            },
            "ref": null,
            "rendered": Array [
              Object {
                "instance": null,
                "key": undefined,
                "nodeType": "host",
                "props": Object {
                  "children": "Join ReactPress",
                },
                "ref": null,
                "rendered": "Join ReactPress",
                "type": "h5",
              },
              Object {
                "instance": null,
                "key": undefined,
                "nodeType": "host",
                "props": Object {
                  "children": "Sign up to share your story with the world, appreciate stories you love, and more.",
                },
                "ref": null,
                "rendered": "Sign up to share your story with the world, appreciate stories you love, and more.",
                "type": "p",
              },
              Object {
                "instance": null,
                "key": undefined,
                "nodeType": "host",
                "props": Object {
                  "children": "* Password must contain atleast one uppercase letter or one number. And must be atleast 6 characters long",
                },
                "ref": null,
                "rendered": "* Password must contain atleast one uppercase letter or one number. And must be atleast 6 characters long",
                "type": "p",
              },
            ],
            "type": "div",
          },
          Object {
            "instance": null,
            "key": undefined,
            "nodeType": "host",
            "props": Object {
              "children": <SignupForm
                auth_message=""
                button_class="btn disabled"
                emailValue=""
                input_class=" invalid"
                loggingIn={false}
                nameValue=""
                onChange={[Function]}
                onSubmit={[Function]}
                passwordValue=""
              />,
              "className": "login-form",
            },
            "ref": null,
            "rendered": Object {
              "instance": null,
              "key": undefined,
              "nodeType": "function",
              "props": Object {
                "auth_message": "",
                "button_class": "btn disabled",
                "emailValue": "",
                "input_class": " invalid",
                "loggingIn": false,
                "nameValue": "",
                "onChange": [Function],
                "onSubmit": [Function],
                "passwordValue": "",
              },
              "ref": null,
              "rendered": null,
              "type": [Function],
            },
            "type": "div",
          },
          Object {
            "instance": null,
            "key": undefined,
            "nodeType": "host",
            "props": Object {
              "children": <p>
                Have an account?
                <Link
                  href="/login"
                >
                  <a>
                     Login
                  </a>
                </Link>
              </p>,
              "className": "extra-info",
            },
            "ref": null,
            "rendered": Object {
              "instance": null,
              "key": undefined,
              "nodeType": "host",
              "props": Object {
                "children": Array [
                  "Have an account?",
                  <Link
                    href="/login"
                  >
                    <a>
                       Login
                    </a>
                  </Link>,
                ],
              },
              "ref": null,
              "rendered": Array [
                "Have an account?",
                Object {
                  "instance": null,
                  "key": undefined,
                  "nodeType": "class",
                  "props": Object {
                    "children": <a>
                       Login
                    </a>,
                    "href": "/login",
                  },
                  "ref": null,
                  "rendered": Object {
                    "instance": null,
                    "key": undefined,
                    "nodeType": "host",
                    "props": Object {
                      "children": " Login",
                    },
                    "ref": null,
                    "rendered": " Login",
                    "type": "a",
                  },
                  "type": [Function],
                },
              ],
              "type": "p",
            },
            "type": "div",
          },
        ],
        "type": "div",
      },
      "type": "div",
    },
    "type": "div",
  },
  Symbol(enzyme.__nodes__): Array [
    Object {
      "instance": null,
      "key": undefined,
      "nodeType": "host",
      "props": Object {
        "children": <div
          className="container"
        >
          <div
            className="signup-section section center z-depth-1"
          >
            <div
              className="heading"
            >
              <h5>
                Join ReactPress
              </h5>
              <p>
                Sign up to share your story with the world, appreciate stories you love, and more.
              </p>
              <p>
                * Password must contain atleast one uppercase letter or one number. And must be atleast 6 characters long
              </p>
            </div>
            <div
              className="login-form"
            >
              <SignupForm
                auth_message=""
                button_class="btn disabled"
                emailValue=""
                input_class=" invalid"
                loggingIn={false}
                nameValue=""
                onChange={[Function]}
                onSubmit={[Function]}
                passwordValue=""
              />
            </div>
            <div
              className="extra-info"
            >
              <p>
                Have an account?
                <Link
                  href="/login"
                >
                  <a>
                     Login
                  </a>
                </Link>
              </p>
            </div>
          </div>
        </div>,
        "className": "auth auth-signup",
      },
      "ref": null,
      "rendered": Object {
        "instance": null,
        "key": undefined,
        "nodeType": "host",
        "props": Object {
          "children": <div
            className="signup-section section center z-depth-1"
          >
            <div
              className="heading"
            >
              <h5>
                Join ReactPress
              </h5>
              <p>
                Sign up to share your story with the world, appreciate stories you love, and more.
              </p>
              <p>
                * Password must contain atleast one uppercase letter or one number. And must be atleast 6 characters long
              </p>
            </div>
            <div
              className="login-form"
            >
              <SignupForm
                auth_message=""
                button_class="btn disabled"
                emailValue=""
                input_class=" invalid"
                loggingIn={false}
                nameValue=""
                onChange={[Function]}
                onSubmit={[Function]}
                passwordValue=""
              />
            </div>
            <div
              className="extra-info"
            >
              <p>
                Have an account?
                <Link
                  href="/login"
                >
                  <a>
                     Login
                  </a>
                </Link>
              </p>
            </div>
          </div>,
          "className": "container",
        },
        "ref": null,
        "rendered": Object {
          "instance": null,
          "key": undefined,
          "nodeType": "host",
          "props": Object {
            "children": Array [
              <div
                className="heading"
              >
                <h5>
                  Join ReactPress
                </h5>
                <p>
                  Sign up to share your story with the world, appreciate stories you love, and more.
                </p>
                <p>
                  * Password must contain atleast one uppercase letter or one number. And must be atleast 6 characters long
                </p>
              </div>,
              <div
                className="login-form"
              >
                <SignupForm
                  auth_message=""
                  button_class="btn disabled"
                  emailValue=""
                  input_class=" invalid"
                  loggingIn={false}
                  nameValue=""
                  onChange={[Function]}
                  onSubmit={[Function]}
                  passwordValue=""
                />
              </div>,
              <div
                className="extra-info"
              >
                <p>
                  Have an account?
                  <Link
                    href="/login"
                  >
                    <a>
                       Login
                    </a>
                  </Link>
                </p>
              </div>,
            ],
            "className": "signup-section section center z-depth-1",
          },
          "ref": null,
          "rendered": Array [
            Object {
              "instance": null,
              "key": undefined,
              "nodeType": "host",
              "props": Object {
                "children": Array [
                  <h5>
                    Join ReactPress
                  </h5>,
                  <p>
                    Sign up to share your story with the world, appreciate stories you love, and more.
                  </p>,
                  <p>
                    * Password must contain atleast one uppercase letter or one number. And must be atleast 6 characters long
                  </p>,
                ],
                "className": "heading",
              },
              "ref": null,
              "rendered": Array [
                Object {
                  "instance": null,
                  "key": undefined,
                  "nodeType": "host",
                  "props": Object {
                    "children": "Join ReactPress",
                  },
                  "ref": null,
                  "rendered": "Join ReactPress",
                  "type": "h5",
                },
                Object {
                  "instance": null,
                  "key": undefined,
                  "nodeType": "host",
                  "props": Object {
                    "children": "Sign up to share your story with the world, appreciate stories you love, and more.",
                  },
                  "ref": null,
                  "rendered": "Sign up to share your story with the world, appreciate stories you love, and more.",
                  "type": "p",
                },
                Object {
                  "instance": null,
                  "key": undefined,
                  "nodeType": "host",
                  "props": Object {
                    "children": "* Password must contain atleast one uppercase letter or one number. And must be atleast 6 characters long",
                  },
                  "ref": null,
                  "rendered": "* Password must contain atleast one uppercase letter or one number. And must be atleast 6 characters long",
                  "type": "p",
                },
              ],
              "type": "div",
            },
            Object {
              "instance": null,
              "key": undefined,
              "nodeType": "host",
              "props": Object {
                "children": <SignupForm
                  auth_message=""
                  button_class="btn disabled"
                  emailValue=""
                  input_class=" invalid"
                  loggingIn={false}
                  nameValue=""
                  onChange={[Function]}
                  onSubmit={[Function]}
                  passwordValue=""
                />,
                "className": "login-form",
              },
              "ref": null,
              "rendered": Object {
                "instance": null,
                "key": undefined,
                "nodeType": "function",
                "props": Object {
                  "auth_message": "",
                  "button_class": "btn disabled",
                  "emailValue": "",
                  "input_class": " invalid",
                  "loggingIn": false,
                  "nameValue": "",
                  "onChange": [Function],
                  "onSubmit": [Function],
                  "passwordValue": "",
                },
                "ref": null,
                "rendered": null,
                "type": [Function],
              },
              "type": "div",
            },
            Object {
              "instance": null,
              "key": undefined,
              "nodeType": "host",
              "props": Object {
                "children": <p>
                  Have an account?
                  <Link
                    href="/login"
                  >
                    <a>
                       Login
                    </a>
                  </Link>
                </p>,
                "className": "extra-info",
              },
              "ref": null,
              "rendered": Object {
                "instance": null,
                "key": undefined,
                "nodeType": "host",
                "props": Object {
                  "children": Array [
                    "Have an account?",
                    <Link
                      href="/login"
                    >
                      <a>
                         Login
                      </a>
                    </Link>,
                  ],
                },
                "ref": null,
                "rendered": Array [
                  "Have an account?",
                  Object {
                    "instance": null,
                    "key": undefined,
                    "nodeType": "class",
                    "props": Object {
                      "children": <a>
                         Login
                      </a>,
                      "href": "/login",
                    },
                    "ref": null,
                    "rendered": Object {
                      "instance": null,
                      "key": undefined,
                      "nodeType": "host",
                      "props": Object {
                        "children": " Login",
                      },
                      "ref": null,
                      "rendered": " Login",
                      "type": "a",
                    },
                    "type": [Function],
                  },
                ],
                "type": "p",
              },
              "type": "div",
            },
          ],
          "type": "div",
        },
        "type": "div",
      },
      "type": "div",
    },
  ],
  Symbol(enzyme.__options__): Object {
    "adapter": ReactSixteenAdapter {
      "options": Object {
        "enableComponentDidUpdateOnSetState": true,
      },
    },
  },
}
`;
